// Jest Snapshot v1, https://goo.gl/fbAQLP

exports[`matches snapshot 2: 
    <div
      className="button-style"
      data-testid="button"
    >
      save
    </div>
   1`] = `
<div
  className="button-style"
  data-testid="button"
>
  Hi 
  click me please
</div>
`;

exports[`matches snapshot: 
    <div
      className="button-style"
      data-testid="button"
    >
      save
    </div>
   1`] = `
<div
  className="button-style"
  data-testid="button"
>
  Hi 
  save
</div>
`;
